// Jest Snapshot v1, https://goo.gl/fbAQLP

exports[`components form-select renders according to snapshot 1`] = `
<ContextConsumer>
  <Component />
</ContextConsumer>
`;
