// Jest Snapshot v1, https://goo.gl/fbAQLP

exports[`components PropertyView renders property to snapshot 1`] = `
<ContextProvider
  value={
    Object {
      "store": Object {
        "clearActions": [Function],
        "dispatch": [Function],
        "getActions": [Function],
        "getState": [Function],
        "replaceReducer": [Function],
        "subscribe": [Function],
      },
      "subscription": Subscription {
        "handleChangeWrapper": [Function],
        "listeners": Object {
          "clear": [Function],
          "get": [Function],
          "notify": [Function],
          "subscribe": [Function],
        },
        "onStateChange": [Function],
        "parentSub": undefined,
        "store": Object {
          "clearActions": [Function],
          "dispatch": [Function],
          "getActions": [Function],
          "getState": [Function],
          "replaceReducer": [Function],
          "subscribe": [Function],
        },
        "unsubscribe": [Function],
      },
    }
  }
>
  <Memo(Property)
    listing={
      Object {
        "propertyType": Object {},
        "walkthrough": "",
      }
    }
    validations={
      Object {
        "field1": Object {
          "required": true,
        },
      }
    }
  />
</ContextProvider>
`;
