// Jest Snapshot v1, https://goo.gl/fbAQLP

exports[`components form-field-label renders according to snapshot 1`] = `
<styled.h5
  label="Test"
>
  Test
</styled.h5>
`;
